// Jest Snapshot v1, https://goo.gl/fbAQLP

exports[`should render  1`] = `
Array [
  <div>
    <h2
      className="home"
    >
      Home
    </h2>
  </div>,
]
`;
