// Jest Snapshot v1, https://goo.gl/fbAQLP

exports[`it should render 1`] = `ShallowWrapper {}`;
